******************************************************************************
             TMS320C2000 Linker Unix v22.6.3                   
******************************************************************************
>> Linked Wed Feb 18 21:00:23 2026

OUTPUT FILE NAME:   <rtos_basic.out>
ENTRY POINT SYMBOL: "code_start"  address: 00000000


MEMORY CONFIGURATION

         name            origin    length      used     unused   attr    fill
----------------------  --------  ---------  --------  --------  ----  --------
  BEGIN                 00000000   00000002  00000002  00000000  RWIX
  BOOT_RSVD             00000002   00000126  00000000  00000126  RWIX
  RAMM0                 00000128   000002d8  00000014  000002c4  RWIX
  RAMM1                 00000400   000003f8  00000200  000001f8  RWIX
  RAMLS4567             0000a000   00002000  00000ba7  00001459  RWIX
  RAMGS0                0000c000   000007f8  00000000  000007f8  RWIX
  FLASH_BANK0_SEC0      00080002   00000ffe  00000000  00000ffe  RWIX
  FLASH_BANK0_SEC1      00081000   00001000  00000000  00001000  RWIX
  FLASH_BANK0_SEC2      00082000   00001000  00000000  00001000  RWIX
  FLASH_BANK0_SEC3      00083000   00001000  00000000  00001000  RWIX
  FLASH_BANK0_SEC4      00084000   00001000  00000000  00001000  RWIX
  FLASH_BANK0_SEC5      00085000   00001000  00000000  00001000  RWIX
  FLASH_BANK0_SEC6      00086000   00001000  00000000  00001000  RWIX
  FLASH_BANK0_SEC7      00087000   00001000  00000000  00001000  RWIX
  FLASH_BANK0_SEC8      00088000   00001000  00000000  00001000  RWIX
  FLASH_BANK0_SEC9      00089000   00001000  00000000  00001000  RWIX
  FLASH_BANK0_SEC10     0008a000   00001000  00000000  00001000  RWIX
  FLASH_BANK0_SEC11     0008b000   00001000  00000000  00001000  RWIX
  FLASH_BANK0_SEC12     0008c000   00001000  00000000  00001000  RWIX
  FLASH_BANK0_SEC13     0008d000   00001000  00000000  00001000  RWIX
  FLASH_BANK0_SEC14     0008e000   00001000  00000000  00001000  RWIX
  FLASH_BANK0_SEC15     0008f000   00000ff8  00000000  00000ff8  RWIX
  BOOTROM               003f0000   00008000  00000000  00008000  RWIX
  BOOTROM_EXT           003f8000   00007fc0  00000000  00007fc0  RWIX
  RESET                 003fffc0   00000002  00000000  00000002  RWIX


SECTION ALLOCATION MAP

 output                                  attributes/
section   page    origin      length       input sections
--------  ----  ----------  ----------   ----------------
.TI.ramfunc 
*          0    00000128    00000004     
                  00000128    00000004     driverlib.lib : sysctl.obj (.TI.ramfunc)

.cinit     0    0000012c    00000010     
                  0000012c    00000008     (.cinit..data.load) [load image, compression = lzss]
                  00000134    00000004     (__TI_handler_table)
                  00000138    00000004     (__TI_cinit_table)

.text      0    0000a000    000009bd     
                  0000a000    00000123     driverlib.lib : sysctl.obj (.text:SysCtl_setClock)
                  0000a123    000000fe                   : sysctl.obj (.text:SysCtl_isPLLValid)
                  0000a221    0000009a     device.obj (.text:Device_enableAllPeripherals)
                  0000a2bb    00000088     rts2800_fpu32_eabi.lib : fs_div28.asm.obj (.text)
                  0000a343    00000073     driverlib.lib : sysctl.obj (.text:DCC_setCounterSeeds)
                  0000a3b6    00000065                   : sysctl.obj (.text:SysCtl_getClock)
                  0000a41b    00000047                   : sysctl.obj (.text:SysCtl_selectOscSource)
                  0000a462    00000046                   : sysctl.obj (.text:SysCtl_selectXTAL)
                  0000a4a8    00000045                   : sysctl.obj (.text:SysCtl_pollX1Counter)
                  0000a4ed    0000003d                   : interrupt.obj (.text:Interrupt_initModule)
                  0000a52a    0000003b     main.obj (.text:GPIO_togglePin)
                  0000a565    00000037     driverlib.lib : interrupt.obj (.text:Interrupt_enable)
                  0000a59c    00000036     device.obj (.text:Device_init)
                  0000a5d2    00000035     main.obj (.text:Timer0_ISR)
                  0000a607    00000031     driverlib.lib : gpio.obj (.text:GPIO_setDirectionMode)
                  0000a638    0000002e     rts2800_fpu32_eabi.lib : copy_decompress_lzss.c.obj (.text:decompress:lzss)
                  0000a666    0000002b                            : autoinit.c.obj (.text:__TI_auto_init_nobinit_nopinit)
                  0000a691    00000029                            : exit.c.obj (.text)
                  0000a6ba    00000025     driverlib.lib : sysctl.obj (.text:SysCtl_selectXTALSingleEnded)
                  0000a6df    00000024                   : sysctl.obj (.text:DCC_enableSingleShotMode)
                  0000a703    0000001e                   : sysctl.obj (.text:DCC_setCounter0ClkSource)
                  0000a721    0000001e                   : sysctl.obj (.text:DCC_setCounter1ClkSource)
                  0000a73f    0000001e                   : interrupt.obj (.text:Interrupt_initVectorTable)
                  0000a75d    0000001d     rts2800_fpu32_eabi.lib : memcpy.c.obj (.text)
                  0000a77a    0000001a     driverlib.lib : sysctl.obj (.text:SysCtl_getLowSpeedClock)
                  0000a794    00000019                   : sysctl.obj (.text:SysCtl_setPLLSysClk)
                  0000a7ad    00000017     main.obj (.text:InitCPUTimer0)
                  0000a7c4    00000017     device.obj (.text:SysCtl_enablePeripheral)
                  0000a7db    00000017     driverlib.lib : sysctl.obj (.text:SysCtl_enablePeripheral)
                  0000a7f2    00000017     rts2800_fpu32_eabi.lib : boot28.asm.obj (.text)
                  0000a809    00000016     driverlib.lib : sysctl.obj (.text:DCC_disableDoneSignal)
                  0000a81f    00000016                   : interrupt.obj (.text:Interrupt_defaultHandler)
                  0000a835    00000016     main.obj (.text:main)
                  0000a84b    00000015     driverlib.lib : sysctl.obj (.text:DCC_clearDoneFlag)
                  0000a860    00000015                   : sysctl.obj (.text:DCC_clearErrorFlag)
                  0000a875    00000015                   : sysctl.obj (.text:DCC_disableErrorSignal)
                  0000a88a    00000015                   : sysctl.obj (.text:DCC_isBaseValid)
                  0000a89f    00000015     device.obj (.text:GPIO_unlockPortConfig)
                  0000a8b4    00000014     driverlib.lib : sysctl.obj (.text:DCC_disableModule)
                  0000a8c8    00000014                   : sysctl.obj (.text:DCC_enableModule)
                  0000a8dc    00000014                   : gpio.obj (.text:GPIO_isPinValid)
                  0000a8f0    00000014     main.obj (.text:GPIO_isPinValid)
                  0000a904    00000014     device.obj (.text:SysCtl_deviceCal)
                  0000a918    00000010     device.obj (.text:Device_initGPIO)
                  0000a928    0000000d     driverlib.lib : interrupt.obj (.text:Interrupt_disableGlobal)
                  0000a935    0000000d                   : interrupt.obj (.text:Interrupt_enableGlobal)
                  0000a942    0000000d     device.obj (.text:SysCtl_setLowSpeedClock)
                  0000a94f    0000000c     rts2800_fpu32_eabi.lib : args_main.c.obj (.text)
                  0000a95b    0000000b     device.obj (.text:SysCtl_disableWatchdog)
                  0000a966    0000000b     driverlib.lib : sysctl.obj (.text:SysCtl_isMCDClockFailureDetected)
                  0000a971    0000000a                   : interrupt.obj (.text:Interrupt_illegalOperationHandler)
                  0000a97b    0000000a                   : interrupt.obj (.text:Interrupt_nmiHandler)
                  0000a985    00000009     rts2800_fpu32_eabi.lib : _lock.c.obj (.text)
                  0000a98e    00000008                            : copy_decompress_none.c.obj (.text:decompress:none)
                  0000a996    00000008     f28002x_codestartbranch.obj (.text)
                  0000a99e    00000007     device.obj (.text:ASysCtl_lockVREG)
                  0000a9a5    00000007     driverlib.lib : sysctl.obj (.text:SysCtl_resetMCD)
                  0000a9ac    00000007     device.obj (.text:__error__)
                  0000a9b3    00000005     board.obj (.text:Board_init)
                  0000a9b8    00000002     rts2800_fpu32_eabi.lib : pre_init.c.obj (.text)
                  0000a9ba    00000001     c2000ware_libraries.obj (.text:C2000Ware_libraries_init)
                  0000a9bb    00000001     board.obj (.text:PinMux_init)
                  0000a9bc    00000001     rts2800_fpu32_eabi.lib : startup.c.obj (.text)

.reset     0    003fffc0    00000000     DSECT

codestart 
*          0    00000000    00000002     
                  00000000    00000002     f28002x_codestartbranch.obj (codestart)

.stack     0    00000400    00000200     UNINITIALIZED
                  00000400    00000200     --HOLE--

.init_array 
*          0    00000128    00000000     UNINITIALIZED

.const     0    0000a9be    000001e0     
                  0000a9be    0000009a     driverlib.lib : sysctl.obj (.const:.string)
                  0000aa58    00000098                   : gpio.obj (.const:.string)
                  0000aaf0    00000061     device.obj (.const:.string)
                  0000ab51    00000001     --HOLE-- [fill = 0]
                  0000ab52    0000004c     main.obj (.const:.string)

.data      0    0000ab9e    0000000a     UNINITIALIZED
                  0000ab9e    00000006     rts2800_fpu32_eabi.lib : exit.c.obj (.data)
                  0000aba4    00000002                            : _lock.c.obj (.data:_lock)
                  0000aba6    00000002                            : _lock.c.obj (.data:_unlock)

MODULE SUMMARY

       Module                        code   ro data   rw data
       ------                        ----   -------   -------
    ./
       main.obj                      177    76        0      
    +--+-----------------------------+------+---------+---------+
       Total:                        177    76        0      
                                                             
    ./device/
       device.obj                    326    97        0      
       f28002x_codestartbranch.obj   10     0         0      
    +--+-----------------------------+------+---------+---------+
       Total:                        336    97        0      
                                                             
    ./syscfg/
       board.obj                     6      0         0      
       c2000ware_libraries.obj       1      0         0      
    +--+-----------------------------+------+---------+---------+
       Total:                        7      0         0      
                                                             
    /home/aman-singh/ti/C2000Ware_6_00_01_00/driverlib/f28002x/driverlib/ccs/Debug/driverlib.lib
       sysctl.obj                    1346   154       0      
       gpio.obj                      69     152       0      
       interrupt.obj                 214    0         0      
    +--+-----------------------------+------+---------+---------+
       Total:                        1629   306       0      
                                                             
    /home/aman-singh/ti/ccs2041/ccs/tools/compiler/ti-cgt-c2000_22.6.3.LTS/lib/rts2800_fpu32_eabi.lib
       fs_div28.asm.obj              136    0         0      
       exit.c.obj                    41     0         6      
       copy_decompress_lzss.c.obj    46     0         0      
       autoinit.c.obj                43     0         0      
       memcpy.c.obj                  29     0         0      
       boot28.asm.obj                23     0         0      
       _lock.c.obj                   9      0         4      
       args_main.c.obj               12     0         0      
       copy_decompress_none.c.obj    8      0         0      
       pre_init.c.obj                2      0         0      
       startup.c.obj                 1      0         0      
    +--+-----------------------------+------+---------+---------+
       Total:                        350    0         10     
                                                             
       Stack:                        0      0         512    
       Linker Generated:             0      16        0      
    +--+-----------------------------+------+---------+---------+
       Grand Total:                  2499   495       522    


LINKER GENERATED COPY TABLES

__TI_cinit_table @ 00000138 records: 1, size/record: 4, table size: 4
	.data: load addr=0000012c, load size=00000008 bytes, run addr=0000ab9e, run size=0000000a bytes, compression=lzss


LINKER GENERATED HANDLER TABLE

__TI_handler_table @ 00000134 records: 2, size/record: 2, table size: 4
	index: 0, handler: __TI_decompress_lzss
	index: 1, handler: __TI_decompress_none


GLOBAL DATA SYMBOLS: SORTED BY DATA PAGE

address     data page           name
--------    ----------------    ----
00000400      10 (00000400)     __stack

0000ab9e     2ae (0000ab80)     __TI_enable_exit_profile_output
0000aba0     2ae (0000ab80)     __TI_cleanup_ptr
0000aba2     2ae (0000ab80)     __TI_dtors_ptr
0000aba4     2ae (0000ab80)     _lock
0000aba6     2ae (0000ab80)     _unlock


GLOBAL SYMBOLS: SORTED ALPHABETICALLY BY Name 

page  address   name                             
----  -------   ----                             
0     0000a9b3  Board_init                       
0     0000a691  C$$EXIT                          
0     0000a9ba  C2000Ware_libraries_init         
0     0000a221  Device_enableAllPeripherals      
0     0000a59c  Device_init                      
0     0000a918  Device_initGPIO                  
0     0000a607  GPIO_setDirectionMode            
0     0000a7ad  InitCPUTimer0                    
0     0000a81f  Interrupt_defaultHandler         
0     0000a565  Interrupt_enable                 
0     0000a971  Interrupt_illegalOperationHandler
0     0000a4ed  Interrupt_initModule             
0     0000a73f  Interrupt_initVectorTable        
0     0000a97b  Interrupt_nmiHandler             
0     0000a9bb  PinMux_init                      
0     00000128  SysCtl_delay                     
0     0000a3b6  SysCtl_getClock                  
0     0000a77a  SysCtl_getLowSpeedClock          
0     0000a123  SysCtl_isPLLValid                
0     0000a41b  SysCtl_selectOscSource           
0     0000a462  SysCtl_selectXTAL                
0     0000a6ba  SysCtl_selectXTALSingleEnded     
0     0000a000  SysCtl_setClock                  
0     0000a5d2  Timer0_ISR                       
0     00000138  __TI_CINIT_Base                  
0     0000013c  __TI_CINIT_Limit                 
0     0000013c  __TI_CINIT_Warm                  
0     00000134  __TI_Handler_Table_Base          
0     00000138  __TI_Handler_Table_Limit         
0     00000600  __TI_STACK_END                   
abs   00000200  __TI_STACK_SIZE                  
0     0000a666  __TI_auto_init_nobinit_nopinit   
0     0000aba0  __TI_cleanup_ptr                 
0     0000a638  __TI_decompress_lzss             
0     0000a98e  __TI_decompress_none             
0     0000aba2  __TI_dtors_ptr                   
0     0000ab9e  __TI_enable_exit_profile_output  
abs   ffffffff  __TI_pprof_out_hndl              
abs   ffffffff  __TI_prof_data_size              
abs   ffffffff  __TI_prof_data_start             
0     0000a2bb  __c28xabi_divf                   
n/a   UNDEFED   __c_args__                       
0     0000a9ac  __error__                        
0     00000400  __stack                          
0     0000a94f  _args_main                       
0     0000a7f2  _c_int00                         
0     0000aba4  _lock                            
0     0000a98d  _nop                             
0     0000a989  _register_lock                   
0     0000a985  _register_unlock                 
0     0000a9bc  _system_post_cinit               
0     0000a9b8  _system_pre_init                 
0     0000aba6  _unlock                          
0     0000a691  abort                            
0     00000000  code_start                       
0     0000a693  exit                             
0     0000a835  main                             
0     0000a75d  memcpy                           


GLOBAL SYMBOLS: SORTED BY Symbol Address 

page  address   name                             
----  -------   ----                             
0     00000000  code_start                       
0     00000128  SysCtl_delay                     
0     00000134  __TI_Handler_Table_Base          
0     00000138  __TI_CINIT_Base                  
0     00000138  __TI_Handler_Table_Limit         
0     0000013c  __TI_CINIT_Limit                 
0     0000013c  __TI_CINIT_Warm                  
0     00000400  __stack                          
0     00000600  __TI_STACK_END                   
0     0000a000  SysCtl_setClock                  
0     0000a123  SysCtl_isPLLValid                
0     0000a221  Device_enableAllPeripherals      
0     0000a2bb  __c28xabi_divf                   
0     0000a3b6  SysCtl_getClock                  
0     0000a41b  SysCtl_selectOscSource           
0     0000a462  SysCtl_selectXTAL                
0     0000a4ed  Interrupt_initModule             
0     0000a565  Interrupt_enable                 
0     0000a59c  Device_init                      
0     0000a5d2  Timer0_ISR                       
0     0000a607  GPIO_setDirectionMode            
0     0000a638  __TI_decompress_lzss             
0     0000a666  __TI_auto_init_nobinit_nopinit   
0     0000a691  C$$EXIT                          
0     0000a691  abort                            
0     0000a693  exit                             
0     0000a6ba  SysCtl_selectXTALSingleEnded     
0     0000a73f  Interrupt_initVectorTable        
0     0000a75d  memcpy                           
0     0000a77a  SysCtl_getLowSpeedClock          
0     0000a7ad  InitCPUTimer0                    
0     0000a7f2  _c_int00                         
0     0000a81f  Interrupt_defaultHandler         
0     0000a835  main                             
0     0000a918  Device_initGPIO                  
0     0000a94f  _args_main                       
0     0000a971  Interrupt_illegalOperationHandler
0     0000a97b  Interrupt_nmiHandler             
0     0000a985  _register_unlock                 
0     0000a989  _register_lock                   
0     0000a98d  _nop                             
0     0000a98e  __TI_decompress_none             
0     0000a9ac  __error__                        
0     0000a9b3  Board_init                       
0     0000a9b8  _system_pre_init                 
0     0000a9ba  C2000Ware_libraries_init         
0     0000a9bb  PinMux_init                      
0     0000a9bc  _system_post_cinit               
0     0000ab9e  __TI_enable_exit_profile_output  
0     0000aba0  __TI_cleanup_ptr                 
0     0000aba2  __TI_dtors_ptr                   
0     0000aba4  _lock                            
0     0000aba6  _unlock                          
abs   00000200  __TI_STACK_SIZE                  
abs   ffffffff  __TI_pprof_out_hndl              
abs   ffffffff  __TI_prof_data_size              
abs   ffffffff  __TI_prof_data_start             
n/a   UNDEFED   __c_args__                       

[58 symbols]
